
Discarded input sections

 .data          0x0000000000000000        0x0 build/obj/crt0_v7m.o
 .bss           0x0000000000000000        0x0 build/obj/crt0_v7m.o
 .data          0x0000000000000000        0x0 build/obj/chcoreasm_v7m.o
 .bss           0x0000000000000000        0x0 build/obj/chcoreasm_v7m.o
 .text          0x0000000000000000        0x0 build/obj/crt1.o (symbol from plugin)
 .text          0x0000000000000000        0x0 /var/folders/_2/42wyrlld3p52fkcpt1lv6gxh0000gp/T//ccos3Rnk.ltrans0.ltrans.o
 .data          0x0000000000000000        0x0 /var/folders/_2/42wyrlld3p52fkcpt1lv6gxh0000gp/T//ccos3Rnk.ltrans0.ltrans.o
 .bss           0x0000000000000000        0x0 /var/folders/_2/42wyrlld3p52fkcpt1lv6gxh0000gp/T//ccos3Rnk.ltrans0.ltrans.o
 .bss.Pulse     0x0000000000000000        0x1 /var/folders/_2/42wyrlld3p52fkcpt1lv6gxh0000gp/T//ccos3Rnk.ltrans0.ltrans.o
 .data.T        0x0000000000000000        0x4 /var/folders/_2/42wyrlld3p52fkcpt1lv6gxh0000gp/T//ccos3Rnk.ltrans0.ltrans.o
 .data.amp      0x0000000000000000        0x4 /var/folders/_2/42wyrlld3p52fkcpt1lv6gxh0000gp/T//ccos3Rnk.ltrans0.ltrans.o
 .bss.QS        0x0000000000000000        0x1 /var/folders/_2/42wyrlld3p52fkcpt1lv6gxh0000gp/T//ccos3Rnk.ltrans0.ltrans.o
 .bss.rate      0x0000000000000000       0x28 /var/folders/_2/42wyrlld3p52fkcpt1lv6gxh0000gp/T//ccos3Rnk.ltrans0.ltrans.o
 .bss.lastBeatTime
                0x0000000000000000        0x4 /var/folders/_2/42wyrlld3p52fkcpt1lv6gxh0000gp/T//ccos3Rnk.ltrans0.ltrans.o
 .data.IBI      0x0000000000000000        0x4 /var/folders/_2/42wyrlld3p52fkcpt1lv6gxh0000gp/T//ccos3Rnk.ltrans0.ltrans.o
 .bss.heart     0x0000000000000000        0x4 /var/folders/_2/42wyrlld3p52fkcpt1lv6gxh0000gp/T//ccos3Rnk.ltrans0.ltrans.o
 .bss.Signal    0x0000000000000000        0x4 /var/folders/_2/42wyrlld3p52fkcpt1lv6gxh0000gp/T//ccos3Rnk.ltrans0.ltrans.o
 .data.firstBeat
                0x0000000000000000        0x1 /var/folders/_2/42wyrlld3p52fkcpt1lv6gxh0000gp/T//ccos3Rnk.ltrans0.ltrans.o
 .bss.sampleCounter
                0x0000000000000000        0x4 /var/folders/_2/42wyrlld3p52fkcpt1lv6gxh0000gp/T//ccos3Rnk.ltrans0.ltrans.o
 .data.thresh   0x0000000000000000        0x4 /var/folders/_2/42wyrlld3p52fkcpt1lv6gxh0000gp/T//ccos3Rnk.ltrans0.ltrans.o
 .bss.BPM       0x0000000000000000        0x4 /var/folders/_2/42wyrlld3p52fkcpt1lv6gxh0000gp/T//ccos3Rnk.ltrans0.ltrans.o
 .bss.secondBeat
                0x0000000000000000        0x1 /var/folders/_2/42wyrlld3p52fkcpt1lv6gxh0000gp/T//ccos3Rnk.ltrans0.ltrans.o
 .data.P        0x0000000000000000        0x4 /var/folders/_2/42wyrlld3p52fkcpt1lv6gxh0000gp/T//ccos3Rnk.ltrans0.ltrans.o
 .text          0x0000000000000000        0x0 /var/folders/_2/42wyrlld3p52fkcpt1lv6gxh0000gp/T//ccos3Rnk.ltrans1.ltrans.o
 .data          0x0000000000000000        0x0 /var/folders/_2/42wyrlld3p52fkcpt1lv6gxh0000gp/T//ccos3Rnk.ltrans1.ltrans.o
 .bss           0x0000000000000000        0x0 /var/folders/_2/42wyrlld3p52fkcpt1lv6gxh0000gp/T//ccos3Rnk.ltrans1.ltrans.o
 .text          0x0000000000000000        0x0 build/obj/vectors.o (symbol from plugin)
 .text          0x0000000000000000        0x0 build/obj/chsys.o (symbol from plugin)
 .text          0x0000000000000000        0x0 build/obj/chdebug.o (symbol from plugin)
 .text          0x0000000000000000        0x0 build/obj/chvt.o (symbol from plugin)
 .text          0x0000000000000000        0x0 build/obj/chschd.o (symbol from plugin)
 .text          0x0000000000000000        0x0 build/obj/chthreads.o (symbol from plugin)
 .text          0x0000000000000000        0x0 build/obj/chtm.o (symbol from plugin)
 .text          0x0000000000000000        0x0 build/obj/chdynamic.o (symbol from plugin)
 .text          0x0000000000000000        0x0 build/obj/chregistry.o (symbol from plugin)
 .text          0x0000000000000000        0x0 build/obj/chsem.o (symbol from plugin)
 .text          0x0000000000000000        0x0 build/obj/chmtx.o (symbol from plugin)
 .text          0x0000000000000000        0x0 build/obj/chcond.o (symbol from plugin)
 .text          0x0000000000000000        0x0 build/obj/chevents.o (symbol from plugin)
 .text          0x0000000000000000        0x0 build/obj/chmsg.o (symbol from plugin)
 .text          0x0000000000000000        0x0 build/obj/chmboxes.o (symbol from plugin)
 .text          0x0000000000000000        0x0 build/obj/chqueues.o (symbol from plugin)
 .text          0x0000000000000000        0x0 build/obj/chmemcore.o (symbol from plugin)
 .text          0x0000000000000000        0x0 build/obj/chheap.o (symbol from plugin)
 .text          0x0000000000000000        0x0 build/obj/chmempools.o (symbol from plugin)
 .text          0x0000000000000000        0x0 build/obj/chcore.o (symbol from plugin)
 .text          0x0000000000000000        0x0 build/obj/chcore_v7m.o (symbol from plugin)
 .text          0x0000000000000000        0x0 build/obj/osal.o (symbol from plugin)
[...]
Memory Configuration

Name             Origin             Length             Attributes
flash            0x0000000008000000 0x0000000000020000
ram0             0x0000000020000000 0x0000000000004000
ram1             0x0000000000000000 0x0000000000000000
ram2             0x0000000000000000 0x0000000000000000
ram3             0x0000000000000000 0x0000000000000000
ram4             0x0000000000000000 0x0000000000000000
ram5             0x0000000000000000 0x0000000000000000
ram6             0x0000000000000000 0x0000000000000000
ram7             0x0000000000000000 0x0000000000000000
*default*        0x0000000000000000 0xffffffffffffffff

Linker script and memory map

LOAD build/obj/crt0_v7m.o
LOAD build/obj/chcoreasm_v7m.o
LOAD build/obj/crt1.o
LOAD /var/folders/_2/42wyrlld3p52fkcpt1lv6gxh0000gp/T//ccos3Rnk.ltrans0.ltrans.o
LOAD /var/folders/_2/42wyrlld3p52fkcpt1lv6gxh0000gp/T//ccos3Rnk.ltrans1.ltrans.o
LOAD build/obj/vectors.o
LOAD build/obj/chsys.o
LOAD build/obj/chdebug.o
LOAD build/obj/chvt.o
LOAD build/obj/chschd.o
LOAD build/obj/chthreads.o
LOAD build/obj/chtm.o
LOAD build/obj/chdynamic.o
LOAD build/obj/chregistry.o
LOAD build/obj/chsem.o
LOAD build/obj/chmtx.o
LOAD build/obj/chcond.o
LOAD build/obj/chevents.o
LOAD build/obj/chmsg.o
LOAD build/obj/chmboxes.o
LOAD build/obj/chqueues.o
LOAD build/obj/chmemcore.o
LOAD build/obj/chheap.o
LOAD build/obj/chmempools.o
LOAD build/obj/chcore.o
LOAD build/obj/chcore_v7m.o
LOAD build/obj/osal.o
LOAD build/obj/hal.o
LOAD build/obj/st.o
LOAD build/obj/hal_buffers.o
LOAD build/obj/hal_queues.o
LOAD build/obj/hal_mmcsd.o
LOAD build/obj/adc.o
LOAD build/obj/pal.o
LOAD build/obj/serial.o
LOAD build/obj/nvic.o
LOAD build/obj/hal_lld.o
LOAD build/obj/stm32_dma.o
LOAD build/obj/st_lld.o
LOAD build/obj/adc_lld.o
LOAD build/obj/pal_lld.o
LOAD build/obj/serial_lld.o
LOAD build/obj/board.o
LOAD build/obj/test.o
LOAD build/obj/testthd.o
LOAD build/obj/testsem.o
LOAD build/obj/testmtx.o
LOAD build/obj/testmsg.o
LOAD build/obj/testmbox.o
LOAD build/obj/testevt.o
LOAD build/obj/testheap.o
LOAD build/obj/testpools.o
LOAD build/obj/testdyn.o
LOAD build/obj/testqueues.o
LOAD build/obj/testsys.o
LOAD build/obj/testbmk.o
LOAD build/obj/main.o
                0x0000000020000000                __ram0_start__ = ORIGIN (ram0)
                0x0000000000004000                __ram0_size__ = LENGTH (ram0)
                0x0000000020004000                __ram0_end__ = (__ram0_start__ + __ram0_size__)
                0x0000000000000000                __ram1_start__ = ORIGIN (ram1)
                0x0000000000000000                __ram1_size__ = LENGTH (ram1)
                0x0000000000000000                __ram1_end__ = (__ram1_start__ + __ram1_size__)
                0x0000000000000000                __ram2_start__ = ORIGIN (ram2)
                0x0000000000000000                __ram2_size__ = LENGTH (ram2)
                0x0000000000000000                __ram2_end__ = (__ram2_start__ + __ram2_size__)
                0x0000000000000000                __ram3_start__ = ORIGIN (ram3)
                0x0000000000000000                __ram3_size__ = LENGTH (ram3)
                0x0000000000000000                __ram3_end__ = (__ram3_start__ + __ram3_size__)
                0x0000000000000000                __ram4_start__ = ORIGIN (ram4)
                0x0000000000000000                __ram4_size__ = LENGTH (ram4)
                0x0000000000000000                __ram4_end__ = (__ram4_start__ + __ram4_size__)
                0x0000000000000000                __ram5_start__ = ORIGIN (ram5)
                0x0000000000000000                __ram5_size__ = LENGTH (ram5)
                0x0000000000000000                __ram5_end__ = (__ram5_start__ + __ram5_size__)
                0x0000000000000000                __ram6_start__ = ORIGIN (ram6)
                0x0000000000000000                __ram6_size__ = LENGTH (ram6)
                0x0000000000000000                __ram6_end__ = (__ram6_start__ + __ram6_size__)
                0x0000000000000000                __ram7_start__ = ORIGIN (ram7)
                0x0000000000000000                __ram7_size__ = LENGTH (ram7)
                0x0000000000000000                __ram7_end__ = (__ram7_start__ + __ram7_size__)
                0x0000000000000000                . = 0x0
                0x0000000000000000                _text = .

startup         0x0000000008000000      0x140
 *(.vectors)
 .vectors       0x0000000008000000      0x140 /var/folders/_2/42wyrlld3p52fkcpt1lv6gxh0000gp/T//ccos3Rnk.ltrans0.ltrans.o
                0x0000000008000000                _vectors

constructors    0x0000000008000140        0x0
                0x0000000008000140                __init_array_start = .
 *(SORT(.init_array.*))
 *(.init_array)
                0x0000000008000140                __init_array_end = .

destructors     0x0000000008000140        0x0
                0x0000000008000140                __fini_array_start = .
 *(.fini_array)
 *(SORT(.fini_array.*))
                0x0000000008000140                __fini_array_end = .

.text           0x0000000008000140     0x1718
 *(.text)
 .text          0x0000000008000140       0xc4 build/obj/crt0_v7m.o
                0x0000000008000140                Reset_Handler
 *fill*         0x0000000008000204        0xc 
 .text          0x0000000008000210       0x28 build/obj/chcoreasm_v7m.o
                0x0000000008000210                _port_switch
                0x0000000008000220                _port_thread_start
                0x0000000008000230                _port_switch_from_isr
                0x0000000008000234                _port_exit_from_isr
 *(.text.*)
 *fill*         0x0000000008000238        0x8 
 .text._idle_thread
                0x0000000008000240        0x4 /var/folders/_2/42wyrlld3p52fkcpt1lv6gxh0000gp/T//ccos3Rnk.ltrans0.ltrans.o
 *fill*         0x0000000008000244        0xc 
 .text.chCoreAlloc
                0x0000000008000250       0x38 /var/folders/_2/42wyrlld3p52fkcpt1lv6gxh0000gp/T//ccos3Rnk.ltrans0.ltrans.o
 *fill*         0x0000000008000288        0x8 
 .text.notify1  0x0000000008000290       0x10 /var/folders/_2/42wyrlld3p52fkcpt1lv6gxh0000gp/T//ccos3Rnk.ltrans0.ltrans.o
 .text._port_irq_epilogue
                0x00000000080002a0       0x54 /var/folders/_2/42wyrlld3p52fkcpt1lv6gxh0000gp/T//ccos3Rnk.ltrans0.ltrans.o
 *fill*         0x00000000080002f4        0xc 
 .text.VectorB0
                0x0000000008000300       0xa0 /var/folders/_2/42wyrlld3p52fkcpt1lv6gxh0000gp/T//ccos3Rnk.ltrans0.ltrans.o
 .text.Vector84
                0x00000000080003a0       0x30 /var/folders/_2/42wyrlld3p52fkcpt1lv6gxh0000gp/T//ccos3Rnk.ltrans0.ltrans.o
 .text.Vector80
                0x00000000080003d0       0x30 /var/folders/_2/42wyrlld3p52fkcpt1lv6gxh0000gp/T//ccos3Rnk.ltrans0.ltrans.o
 .text.Vector7C
                0x0000000008000400       0x30 /var/folders/_2/42wyrlld3p52fkcpt1lv6gxh0000gp/T//ccos3Rnk.ltrans0.ltrans.o
 .text.Vector78
                0x0000000008000430       0x30 /var/folders/_2/42wyrlld3p52fkcpt1lv6gxh0000gp/T//ccos3Rnk.ltrans0.ltrans.o
 .text.Vector74
                0x0000000008000460       0x30 /var/folders/_2/42wyrlld3p52fkcpt1lv6gxh0000gp/T//ccos3Rnk.ltrans0.ltrans.o
 .text.Vector70
                0x0000000008000490       0x30 /var/folders/_2/42wyrlld3p52fkcpt1lv6gxh0000gp/T//ccos3Rnk.ltrans0.ltrans.o
 .text.Vector6C
                0x00000000080004c0       0x28 /var/folders/_2/42wyrlld3p52fkcpt1lv6gxh0000gp/T//ccos3Rnk.ltrans0.ltrans.o
 *fill*         0x00000000080004e8        0x8 
 .text.SVC_Handler
                0x00000000080004f0       0x14 /var/folders/_2/42wyrlld3p52fkcpt1lv6gxh0000gp/T//ccos3Rnk.ltrans0.ltrans.o
 *fill*         0x0000000008000504        0xc 
 .text.chTMStopMeasurementX
                0x0000000008000510       0x44 /var/folders/_2/42wyrlld3p52fkcpt1lv6gxh0000gp/T//ccos3Rnk.ltrans0.ltrans.o
 *fill*         0x0000000008000554        0xc 
 .text.wakeup   0x0000000008000560       0x6c /var/folders/_2/42wyrlld3p52fkcpt1lv6gxh0000gp/T//ccos3Rnk.ltrans0.ltrans.o
 *fill*         0x00000000080005cc        0x4 
 .text._unhandled_exception
                0x00000000080005d0        0x4 /var/folders/_2/42wyrlld3p52fkcpt1lv6gxh0000gp/T//ccos3Rnk.ltrans0.ltrans.o
 *fill*         0x00000000080005d4        0xc 
 .text.chSchGoSleepS
                0x00000000080005e0       0x24 /var/folders/_2/42wyrlld3p52fkcpt1lv6gxh0000gp/T//ccos3Rnk.ltrans0.ltrans.o
 *fill*         0x0000000008000604        0xc 
 .text.chSchGoSleepTimeoutS
                0x0000000008000610      0x138 /var/folders/_2/42wyrlld3p52fkcpt1lv6gxh0000gp/T//ccos3Rnk.ltrans0.ltrans.o
 *fill*         0x0000000008000748        0x8 
 .text.chThdEnqueueTimeoutS
                0x0000000008000750       0x28 /var/folders/_2/42wyrlld3p52fkcpt1lv6gxh0000gp/T//ccos3Rnk.ltrans0.ltrans.o
 *fill*         0x0000000008000778        0x8 
 .text.chOQWriteTimeout
                0x0000000008000780       0x84 /var/folders/_2/42wyrlld3p52fkcpt1lv6gxh0000gp/T//ccos3Rnk.ltrans0.ltrans.o
 *fill*         0x0000000008000804        0xc 
 .text.writet   0x0000000008000810        0x8 /var/folders/_2/42wyrlld3p52fkcpt1lv6gxh0000gp/T//ccos3Rnk.ltrans0.ltrans.o
 *fill*         0x0000000008000818        0x8 
 .text.write    0x0000000008000820        0xc /var/folders/_2/42wyrlld3p52fkcpt1lv6gxh0000gp/T//ccos3Rnk.ltrans0.ltrans.o
 *fill*         0x000000000800082c        0x4 
 .text.chOQPutTimeout
                0x0000000008000830       0x54 /var/folders/_2/42wyrlld3p52fkcpt1lv6gxh0000gp/T//ccos3Rnk.ltrans0.ltrans.o
 *fill*         0x0000000008000884        0xc 
 .text.putt     0x0000000008000890        0x8 /var/folders/_2/42wyrlld3p52fkcpt1lv6gxh0000gp/T//ccos3Rnk.ltrans0.ltrans.o
 *fill*         0x0000000008000898        0x8 
 .text.put      0x00000000080008a0        0xc /var/folders/_2/42wyrlld3p52fkcpt1lv6gxh0000gp/T//ccos3Rnk.ltrans0.ltrans.o
 *fill*         0x00000000080008ac        0x4 
 .text.chIQReadTimeout
                0x00000000080008b0       0x78 /var/folders/_2/42wyrlld3p52fkcpt1lv6gxh0000gp/T//ccos3Rnk.ltrans0.ltrans.o
 *fill*         0x0000000008000928        0x8 
 .text.readt    0x0000000008000930        0x8 /var/folders/_2/42wyrlld3p52fkcpt1lv6gxh0000gp/T//ccos3Rnk.ltrans0.ltrans.o
 *fill*         0x0000000008000938        0x8 
 .text.read     0x0000000008000940        0xc /var/folders/_2/42wyrlld3p52fkcpt1lv6gxh0000gp/T//ccos3Rnk.ltrans0.ltrans.o
 *fill*         0x000000000800094c        0x4 
 .text.chIQGetTimeout
                0x0000000008000950       0x50 /var/folders/_2/42wyrlld3p52fkcpt1lv6gxh0000gp/T//ccos3Rnk.ltrans0.ltrans.o
 .text.gett     0x00000000080009a0        0x8 /var/folders/_2/42wyrlld3p52fkcpt1lv6gxh0000gp/T//ccos3Rnk.ltrans0.ltrans.o
 *fill*         0x00000000080009a8        0x8 
 .text.get      0x00000000080009b0        0xc /var/folders/_2/42wyrlld3p52fkcpt1lv6gxh0000gp/T//ccos3Rnk.ltrans0.ltrans.o
 *fill*         0x00000000080009bc        0x4 
 .text.startup.main
                0x00000000080009c0      0x630 /var/folders/_2/42wyrlld3p52fkcpt1lv6gxh0000gp/T//ccos3Rnk.ltrans0.ltrans.o
                0x00000000080009c0                main
 .text.__early_init
                0x0000000008000ff0       0xfc /var/folders/_2/42wyrlld3p52fkcpt1lv6gxh0000gp/T//ccos3Rnk.ltrans0.ltrans.o
                0x0000000008000ff0                __early_init
 *fill*         0x00000000080010ec        0x4 
 .text.chSchDoReschedule
                0x00000000080010f0       0x3c /var/folders/_2/42wyrlld3p52fkcpt1lv6gxh0000gp/T//ccos3Rnk.ltrans0.ltrans.o
                0x00000000080010f0                chSchDoReschedule
 *fill*         0x000000000800112c        0x4 
 .text.chSchReadyI
                0x0000000008001130       0x28 /var/folders/_2/42wyrlld3p52fkcpt1lv6gxh0000gp/T//ccos3Rnk.ltrans0.ltrans.o
                0x0000000008001130                chSchReadyI
 *fill*         0x0000000008001158        0x8 
 .text.VectorD4
                0x0000000008001160      0x1b8 /var/folders/_2/42wyrlld3p52fkcpt1lv6gxh0000gp/T//ccos3Rnk.ltrans0.ltrans.o
 *fill*         0x0000000008001318        0x8 
 .text.Vector88
                0x0000000008001320       0x88 /var/folders/_2/42wyrlld3p52fkcpt1lv6gxh0000gp/T//ccos3Rnk.ltrans0.ltrans.o
 *fill*         0x00000000080013a8        0x8 
 .text.adc_lld_serve_rx_interrupt
                0x00000000080013b0      0x110 /var/folders/_2/42wyrlld3p52fkcpt1lv6gxh0000gp/T//ccos3Rnk.ltrans0.ltrans.o
 .text.chThdExit
                0x00000000080014c0       0x48 /var/folders/_2/42wyrlld3p52fkcpt1lv6gxh0000gp/T//ccos3Rnk.ltrans0.ltrans.o
                0x00000000080014c0                chThdExit
 *fill*         0x0000000008001508        0x8 
 .text.__init_ram_areas
                0x0000000008001510       0x64 /var/folders/_2/42wyrlld3p52fkcpt1lv6gxh0000gp/T//ccos3Rnk.ltrans0.ltrans.o
                0x0000000008001510                __init_ram_areas
 *fill*         0x0000000008001574        0xc 
 .text.__default_exit
                0x0000000008001580        0x4 /var/folders/_2/42wyrlld3p52fkcpt1lv6gxh0000gp/T//ccos3Rnk.ltrans0.ltrans.o
                0x0000000008001580                __default_exit
 *fill*         0x0000000008001584        0xc 
 .text.__late_init
                0x0000000008001590        0x4 /var/folders/_2/42wyrlld3p52fkcpt1lv6gxh0000gp/T//ccos3Rnk.ltrans0.ltrans.o
                0x0000000008001590                __late_init
 *fill*         0x0000000008001594        0xc 
 .text.__core_init
                0x00000000080015a0        0x4 /var/folders/_2/42wyrlld3p52fkcpt1lv6gxh0000gp/T//ccos3Rnk.ltrans0.ltrans.o
                0x00000000080015a0                __core_init
 *fill*         0x00000000080015a4        0xc 
 .text.chTMStartMeasurementX.constprop.22
                0x00000000080015b0        0xc /var/folders/_2/42wyrlld3p52fkcpt1lv6gxh0000gp/T//ccos3Rnk.ltrans1.ltrans.o
                0x00000000080015b0                chTMStartMeasurementX.constprop.22
 *fill*         0x00000000080015bc        0x4 
 .text.chEvtBroadcastFlagsI.constprop.18
                0x00000000080015c0       0x64 /var/folders/_2/42wyrlld3p52fkcpt1lv6gxh0000gp/T//ccos3Rnk.ltrans1.ltrans.o
                0x00000000080015c0                chEvtBroadcastFlagsI.constprop.18
 *fill*         0x0000000008001624        0xc 
 .text._pal_lld_setgroupmode.constprop.2
                0x0000000008001630       0xc8 /var/folders/_2/42wyrlld3p52fkcpt1lv6gxh0000gp/T//ccos3Rnk.ltrans1.ltrans.o
                0x0000000008001630                _pal_lld_setgroupmode.constprop.2
 *(.rodata)
 *(.rodata.*)
 *fill*         0x00000000080016f8        0x8 
 .rodata.vmt    0x0000000008001700       0x20 /var/folders/_2/42wyrlld3p52fkcpt1lv6gxh0000gp/T//ccos3Rnk.ltrans0.ltrans.o
 .rodata._stm32_dma_streams
                0x0000000008001720       0x8c /var/folders/_2/42wyrlld3p52fkcpt1lv6gxh0000gp/T//ccos3Rnk.ltrans0.ltrans.o
 *fill*         0x00000000080017ac        0x4 
 .rodata.ram_areas
                0x00000000080017b0       0x80 /var/folders/_2/42wyrlld3p52fkcpt1lv6gxh0000gp/T//ccos3Rnk.ltrans0.ltrans.o
 .rodata.ch_debug
                0x0000000008001830       0x16 /var/folders/_2/42wyrlld3p52fkcpt1lv6gxh0000gp/T//ccos3Rnk.ltrans0.ltrans.o
 *fill*         0x0000000008001846        0xa 
 .rodata.str1.4
                0x0000000008001850        0x8 /var/folders/_2/42wyrlld3p52fkcpt1lv6gxh0000gp/T//ccos3Rnk.ltrans0.ltrans.o
                                          0x5 (size before relaxing)
 *(.glue_7t)
 .glue_7t       0x0000000008001858        0x0 linker stubs
 *(.glue_7)
 .glue_7        0x0000000008001858        0x0 linker stubs
 *(.gcc*)

.vfp11_veneer   0x0000000008001858        0x0
 .vfp11_veneer  0x0000000008001858        0x0 linker stubs

.v4_bx          0x0000000008001858        0x0
 .v4_bx         0x0000000008001858        0x0 linker stubs

.iplt           0x0000000008001858        0x0
 .iplt          0x0000000008001858        0x0 build/obj/crt0_v7m.o

.rel.dyn        0x0000000008001858        0x0
 .rel.iplt      0x0000000008001858        0x0 build/obj/crt0_v7m.o

.ARM.extab
 *(.ARM.extab* .gnu.linkonce.armextab.*)

.ARM.exidx      0x0000000008001858        0x0
                0x0000000008001858                __exidx_start = .
 *(.ARM.exidx* .gnu.linkonce.armexidx.*)
                0x0000000008001858                __exidx_end = .

.eh_frame_hdr
 *(.eh_frame_hdr)

.eh_frame
 *(.eh_frame)

.textalign      0x0000000008001858        0x0
                0x0000000008001858                . = ALIGN (0x8)
                0x0000000008001858                . = ALIGN (0x4)
                [!provide]                        PROVIDE (_etext, .)

.mstack         0x0000000020000000      0x400
                0x0000000020000000                . = ALIGN (0x8)
                0x0000000020000000                __main_stack_base__ = .
                0x0000000020000400                . = (. + __main_stack_size__)
 *fill*         0x0000000020000000      0x400 
                0x0000000020000400                . = ALIGN (0x8)
                0x0000000020000400                __main_stack_end__ = .

.pstack         0x0000000020000400      0x400
                0x0000000020000400                __process_stack_base__ = .
                0x0000000020000400                __main_thread_stack_base__ = .
                0x0000000020000800                . = (. + __process_stack_size__)
 *fill*         0x0000000020000400      0x400 
                0x0000000020000800                . = ALIGN (0x8)
                0x0000000020000800                __process_stack_end__ = .
                0x0000000020000800                __main_thread_stack_end__ = .

.data           0x0000000020000800        0x0 load address 0x0000000008001858
                0x0000000020000800                . = ALIGN (0x4)
                [!provide]                        PROVIDE (_textdata, LOADADDR (.data))
                [!provide]                        PROVIDE (_data, .)
                0x0000000008001858                _textdata_start = LOADADDR (.data)
                0x0000000020000800                _data_start = .
 *(.data)
 *(.data.*)
 *(.ramtext)
                0x0000000020000800                . = ALIGN (0x4)
                [!provide]                        PROVIDE (_edata, .)
                0x0000000020000800                _data_end = .

.igot.plt       0x0000000020000800        0x0 load address 0x0000000008001858
 .igot.plt      0x0000000020000800        0x0 build/obj/crt0_v7m.o

.bss            0x0000000020000800      0x260 load address 0x0000000008001858
                0x0000000020000800                . = ALIGN (0x4)
                0x0000000020000800                _bss_start = .
 *(.bss)
 *(.bss.*)
 .bss.ch        0x0000000020000800      0x150 /var/folders/_2/42wyrlld3p52fkcpt1lv6gxh0000gp/T//ccos3Rnk.ltrans0.ltrans.o
 .bss._stm32_dma_isr_redir
                0x0000000020000950       0x38 /var/folders/_2/42wyrlld3p52fkcpt1lv6gxh0000gp/T//ccos3Rnk.ltrans0.ltrans.o
 .bss.ADCD1     0x0000000020000988       0x34 /var/folders/_2/42wyrlld3p52fkcpt1lv6gxh0000gp/T//ccos3Rnk.ltrans0.ltrans.o
 .bss.endmem    0x00000000200009bc        0x4 /var/folders/_2/42wyrlld3p52fkcpt1lv6gxh0000gp/T//ccos3Rnk.ltrans0.ltrans.o
 .bss.dma_streams_mask
                0x00000000200009c0        0x4 /var/folders/_2/42wyrlld3p52fkcpt1lv6gxh0000gp/T//ccos3Rnk.ltrans0.ltrans.o
 .bss.nextmem   0x00000000200009c4        0x4 /var/folders/_2/42wyrlld3p52fkcpt1lv6gxh0000gp/T//ccos3Rnk.ltrans0.ltrans.o
 .bss.default_heap
                0x00000000200009c8       0x20 /var/folders/_2/42wyrlld3p52fkcpt1lv6gxh0000gp/T//ccos3Rnk.ltrans0.ltrans.o
 .bss.SD1       0x00000000200009e8       0x78 /var/folders/_2/42wyrlld3p52fkcpt1lv6gxh0000gp/T//ccos3Rnk.ltrans1.ltrans.o
                0x00000000200009e8                SD1
 *(COMMON)
                0x0000000020000a60                . = ALIGN (0x4)
                0x0000000020000a60                _bss_end = .
                [!provide]                        PROVIDE (end, .)

.ram0_init      0x0000000020000a60        0x0 load address 0x0000000008001858
                0x0000000020000a60                . = ALIGN (0x4)
                0x0000000008001858                __ram0_init_text__ = LOADADDR (.ram0_init)
                0x0000000020000a60                __ram0_init__ = .
 *(.ram0_init)
 *(.ram0_init.*)
                0x0000000020000a60                . = ALIGN (0x4)

.ram0           0x0000000020000a60        0x0 load address 0x0000000008001858
                0x0000000020000a60                . = ALIGN (0x4)
                0x0000000020000a60                __ram0_clear__ = .
 *(.ram0_clear)
 *(.ram0_clear.*)
                0x0000000020000a60                . = ALIGN (0x4)
                0x0000000020000a60                __ram0_noinit__ = .
 *(.ram0)
 *(.ram0.*)
                0x0000000020000a60                . = ALIGN (0x4)
                0x0000000020000a60                __ram0_free__ = .

.ram1_init      0x0000000000000000        0x0 load address 0x0000000008001858
                0x0000000000000000                . = ALIGN (0x4)
                0x0000000008001858                __ram1_init_text__ = LOADADDR (.ram1_init)
                0x0000000000000000                __ram1_init__ = .
 *(.ram1_init)
 *(.ram1_init.*)
                0x0000000000000000                . = ALIGN (0x4)

.ram1           0x0000000000000000        0x0 load address 0x0000000008001858
                0x0000000000000000                . = ALIGN (0x4)
                0x0000000000000000                __ram1_clear__ = .
 *(.ram1_clear)
 *(.ram1_clear.*)
                0x0000000000000000                . = ALIGN (0x4)
                0x0000000000000000                __ram1_noinit__ = .
 *(.ram1)
 *(.ram1.*)
                0x0000000000000000                . = ALIGN (0x4)
                0x0000000000000000                __ram1_free__ = .

.ram2_init      0x0000000000000000        0x0 load address 0x0000000008001858
                0x0000000000000000                . = ALIGN (0x4)
                0x0000000008001858                __ram2_init_text__ = LOADADDR (.ram2_init)
                0x0000000000000000                __ram2_init__ = .
 *(.ram2_init)
 *(.ram2_init.*)
                0x0000000000000000                . = ALIGN (0x4)

.ram2           0x0000000000000000        0x0 load address 0x0000000008001858
                0x0000000000000000                . = ALIGN (0x4)
                0x0000000000000000                __ram2_clear__ = .
 *(.ram2_clear)
 *(.ram2_clear.*)
                0x0000000000000000                . = ALIGN (0x4)
                0x0000000000000000                __ram2_noinit__ = .
 *(.ram2)
 *(.ram2.*)
                0x0000000000000000                . = ALIGN (0x4)
                0x0000000000000000                __ram2_free__ = .

.ram3_init      0x0000000000000000        0x0 load address 0x0000000008001858
                0x0000000000000000                . = ALIGN (0x4)
                0x0000000008001858                __ram3_init_text__ = LOADADDR (.ram3_init)
                0x0000000000000000                __ram3_init__ = .
 *(.ram3_init)
 *(.ram3_init.*)
                0x0000000000000000                . = ALIGN (0x4)

.ram3           0x0000000000000000        0x0 load address 0x0000000008001858
                0x0000000000000000                . = ALIGN (0x4)
                0x0000000000000000                __ram3_clear__ = .
 *(.ram3_clear)
 *(.ram3_clear.*)
                0x0000000000000000                . = ALIGN (0x4)
                0x0000000000000000                __ram3_noinit__ = .
 *(.ram3)
 *(.ram3.*)
                0x0000000000000000                . = ALIGN (0x4)
                0x0000000000000000                __ram3_free__ = .

.ram4_init      0x0000000000000000        0x0 load address 0x0000000008001858
                0x0000000000000000                . = ALIGN (0x4)
                0x0000000008001858                __ram4_init_text__ = LOADADDR (.ram4_init)
                0x0000000000000000                __ram4_init__ = .
 *(.ram4_init)
 *(.ram4_init.*)
                0x0000000000000000                . = ALIGN (0x4)

.ram4           0x0000000000000000        0x0 load address 0x0000000008001858
                0x0000000000000000                . = ALIGN (0x4)
                0x0000000000000000                __ram4_clear__ = .
 *(.ram4_clear)
 *(.ram4_clear.*)
                0x0000000000000000                . = ALIGN (0x4)
                0x0000000000000000                __ram4_noinit__ = .
 *(.ram4)
 *(.ram4.*)
                0x0000000000000000                . = ALIGN (0x4)
                0x0000000000000000                __ram4_free__ = .

.ram5_init      0x0000000000000000        0x0 load address 0x0000000008001858
                0x0000000000000000                . = ALIGN (0x4)
                0x0000000008001858                __ram5_init_text__ = LOADADDR (.ram5_init)
                0x0000000000000000                __ram5_init__ = .
 *(.ram5_init)
 *(.ram5_init.*)
                0x0000000000000000                . = ALIGN (0x4)

.ram5           0x0000000000000000        0x0 load address 0x0000000008001858
                0x0000000000000000                . = ALIGN (0x4)
                0x0000000000000000                __ram5_clear__ = .
 *(.ram5_clear)
 *(.ram5_clear.*)
                0x0000000000000000                . = ALIGN (0x4)
                0x0000000000000000                __ram5_noinit__ = .
 *(.ram5)
 *(.ram5.*)
                0x0000000000000000                . = ALIGN (0x4)
                0x0000000000000000                __ram5_free__ = .

.ram6_init      0x0000000000000000        0x0 load address 0x0000000008001858
                0x0000000000000000                . = ALIGN (0x4)
                0x0000000008001858                __ram6_init_text__ = LOADADDR (.ram6_init)
                0x0000000000000000                __ram6_init__ = .
 *(.ram6_init)
 *(.ram6_init.*)
                0x0000000000000000                . = ALIGN (0x4)

.ram6           0x0000000000000000        0x0 load address 0x0000000008001858
                0x0000000000000000                . = ALIGN (0x4)
                0x0000000000000000                __ram6_clear__ = .
 *(.ram6_clear)
 *(.ram6_clear.*)
                0x0000000000000000                . = ALIGN (0x4)
                0x0000000000000000                __ram6_noinit__ = .
 *(.ram6)
 *(.ram6.*)
                0x0000000000000000                . = ALIGN (0x4)
                0x0000000000000000                __ram6_free__ = .

.ram7_init      0x0000000000000000        0x0 load address 0x0000000008001858
                0x0000000000000000                . = ALIGN (0x4)
                0x0000000008001858                __ram7_init_text__ = LOADADDR (.ram7_init)
                0x0000000000000000                __ram7_init__ = .
 *(.ram7_init)
 *(.ram7_init.*)
                0x0000000000000000                . = ALIGN (0x4)

.ram7           0x0000000000000000        0x0 load address 0x0000000008001858
                0x0000000000000000                . = ALIGN (0x4)
                0x0000000000000000                __ram7_clear__ = .
 *(.ram7_clear)
 *(.ram7_clear.*)
                0x0000000000000000                . = ALIGN (0x4)
                0x0000000000000000                __ram7_noinit__ = .
 *(.ram7)
 *(.ram7.*)
                0x0000000000000000                . = ALIGN (0x4)
                0x0000000000000000                __ram7_free__ = .

.heap           0x0000000020000a60     0x35a0
                0x0000000020000a60                . = ALIGN (0x8)
                0x0000000020000a60                __heap_base__ = .
                0x0000000020004000                . = (ORIGIN (HEAP_RAM) + LENGTH (HEAP_RAM))
 *fill*         0x0000000020000a60     0x35a0 
                0x0000000020004000                __heap_end__ = .
                0x0000000000000400                __process_stack_size__ = 0x400
                0x0000000000000400                __main_stack_size__ = 0x400
START GROUP
LOAD /Users/ARS/Applications/Eclipse.app/Contents/gcc-arm-none-eabi-5_3-2016q1/bin/../lib/gcc/arm-none-eabi/5.3.1/armv7-m/libgcc.a
LOAD /Users/ARS/Applications/Eclipse.app/Contents/gcc-arm-none-eabi-5_3-2016q1/bin/../lib/gcc/arm-none-eabi/5.3.1/../../../../arm-none-eabi/lib/armv7-m/libg.a
LOAD /Users/ARS/Applications/Eclipse.app/Contents/gcc-arm-none-eabi-5_3-2016q1/bin/../lib/gcc/arm-none-eabi/5.3.1/../../../../arm-none-eabi/lib/armv7-m/libc.a
END GROUP
OUTPUT(build/ch.elf elf32-littlearm)

.ARM.attributes
                0x0000000000000000       0x2d
 .ARM.attributes
                0x0000000000000000       0x21 build/obj/crt0_v7m.o
 .ARM.attributes
                0x0000000000000021       0x21 build/obj/chcoreasm_v7m.o
 .ARM.attributes
                0x0000000000000042       0x31 /var/folders/_2/42wyrlld3p52fkcpt1lv6gxh0000gp/T//ccos3Rnk.ltrans0.ltrans.o
 .ARM.attributes
                0x0000000000000073       0x31 /var/folders/_2/42wyrlld3p52fkcpt1lv6gxh0000gp/T//ccos3Rnk.ltrans1.ltrans.o

.comment        0x0000000000000000       0x6e
 .comment       0x0000000000000000       0x6e /var/folders/_2/42wyrlld3p52fkcpt1lv6gxh0000gp/T//ccos3Rnk.ltrans0.ltrans.o
                                         0x6f (size before relaxing)
 .comment       0x000000000000006e       0x6f /var/folders/_2/42wyrlld3p52fkcpt1lv6gxh0000gp/T//ccos3Rnk.ltrans1.ltrans.o

.debug_info     0x0000000000000000     0x6238
 .debug_info    0x0000000000000000     0x563b /var/folders/_2/42wyrlld3p52fkcpt1lv6gxh0000gp/T//ccos3Rnk.ltrans0.ltrans.o
 .debug_info    0x000000000000563b      0xbfd /var/folders/_2/42wyrlld3p52fkcpt1lv6gxh0000gp/T//ccos3Rnk.ltrans1.ltrans.o

.debug_abbrev   0x0000000000000000      0x942
 .debug_abbrev  0x0000000000000000      0x6f0 /var/folders/_2/42wyrlld3p52fkcpt1lv6gxh0000gp/T//ccos3Rnk.ltrans0.ltrans.o
 .debug_abbrev  0x00000000000006f0      0x252 /var/folders/_2/42wyrlld3p52fkcpt1lv6gxh0000gp/T//ccos3Rnk.ltrans1.ltrans.o

.debug_loc      0x0000000000000000     0x1f75
 .debug_loc     0x0000000000000000     0x1d96 /var/folders/_2/42wyrlld3p52fkcpt1lv6gxh0000gp/T//ccos3Rnk.ltrans0.ltrans.o
 .debug_loc     0x0000000000001d96      0x1df /var/folders/_2/42wyrlld3p52fkcpt1lv6gxh0000gp/T//ccos3Rnk.ltrans1.ltrans.o

.debug_aranges  0x0000000000000000      0x198
 .debug_aranges
                0x0000000000000000      0x168 /var/folders/_2/42wyrlld3p52fkcpt1lv6gxh0000gp/T//ccos3Rnk.ltrans0.ltrans.o
 .debug_aranges
                0x0000000000000168       0x30 /var/folders/_2/42wyrlld3p52fkcpt1lv6gxh0000gp/T//ccos3Rnk.ltrans1.ltrans.o

.debug_ranges   0x0000000000000000     0x1080
 .debug_ranges  0x0000000000000000     0x1010 /var/folders/_2/42wyrlld3p52fkcpt1lv6gxh0000gp/T//ccos3Rnk.ltrans0.ltrans.o
 .debug_ranges  0x0000000000001010       0x70 /var/folders/_2/42wyrlld3p52fkcpt1lv6gxh0000gp/T//ccos3Rnk.ltrans1.ltrans.o

.debug_line     0x0000000000000000     0x19a6
 .debug_line    0x0000000000000000     0x157f /var/folders/_2/42wyrlld3p52fkcpt1lv6gxh0000gp/T//ccos3Rnk.ltrans0.ltrans.o
 .debug_line    0x000000000000157f      0x427 /var/folders/_2/42wyrlld3p52fkcpt1lv6gxh0000gp/T//ccos3Rnk.ltrans1.ltrans.o

.debug_str      0x0000000000000000     0x17c3
 .debug_str     0x0000000000000000     0x1698 /var/folders/_2/42wyrlld3p52fkcpt1lv6gxh0000gp/T//ccos3Rnk.ltrans0.ltrans.o
                                       0x1783 (size before relaxing)
 .debug_str     0x0000000000001698      0x12b /var/folders/_2/42wyrlld3p52fkcpt1lv6gxh0000gp/T//ccos3Rnk.ltrans1.ltrans.o
                                        0x776 (size before relaxing)

.debug_frame    0x0000000000000000      0x51c
 .debug_frame   0x0000000000000000      0x4b8 /var/folders/_2/42wyrlld3p52fkcpt1lv6gxh0000gp/T//ccos3Rnk.ltrans0.ltrans.o
 .debug_frame   0x00000000000004b8       0x64 /var/folders/_2/42wyrlld3p52fkcpt1lv6gxh0000gp/T//ccos3Rnk.ltrans1.ltrans.o

Cross Reference Table

Symbol                                            File
ADCD1                                             build/obj/adc_lld.o (symbol from plugin)
                                                  build/obj/main.o (symbol from plugin)
                                                  build/obj/test.o (symbol from plugin)
BPM                                               build/obj/test.o (symbol from plugin)
BusFault_Handler                                  build/obj/vectors.o (symbol from plugin)
DebugMon_Handler                                  build/obj/vectors.o (symbol from plugin)
HardFault_Handler                                 build/obj/vectors.o (symbol from plugin)
IBI                                               build/obj/test.o (symbol from plugin)
MemManage_Handler                                 build/obj/vectors.o (symbol from plugin)
NMI_Handler                                       build/obj/vectors.o (symbol from plugin)
P                                                 build/obj/test.o (symbol from plugin)
PendSV_Handler                                    build/obj/vectors.o (symbol from plugin)
Pulse                                             build/obj/test.o (symbol from plugin)
Reset_Handler                                     build/obj/crt0_v7m.o
                                                  /var/folders/_2/42wyrlld3p52fkcpt1lv6gxh0000gp/T//ccos3Rnk.ltrans0.ltrans.o
                                                  build/obj/vectors.o (symbol from plugin)
SD1                                               /var/folders/_2/42wyrlld3p52fkcpt1lv6gxh0000gp/T//ccos3Rnk.ltrans1.ltrans.o
                                                  build/obj/serial_lld.o (symbol from plugin)
                                                  /var/folders/_2/42wyrlld3p52fkcpt1lv6gxh0000gp/T//ccos3Rnk.ltrans0.ltrans.o
                                                  build/obj/main.o (symbol from plugin)
SVC_Handler                                       build/obj/chcore_v7m.o (symbol from plugin)
                                                  build/obj/vectors.o (symbol from plugin)
Signal                                            build/obj/test.o (symbol from plugin)
SysTick_Handler                                   build/obj/vectors.o (symbol from plugin)
SystemCoreClock                                   build/obj/hal_lld.o (symbol from plugin)
T                                                 build/obj/test.o (symbol from plugin)
TestThread                                        build/obj/test.o (symbol from plugin)
TestThread2                                       build/obj/test.o (symbol from plugin)
UsageFault_Handler                                build/obj/vectors.o (symbol from plugin)
Vector100                                         build/obj/vectors.o (symbol from plugin)
Vector104                                         build/obj/vectors.o (symbol from plugin)
Vector108                                         build/obj/vectors.o (symbol from plugin)
Vector10C                                         build/obj/vectors.o (symbol from plugin)
Vector110                                         build/obj/vectors.o (symbol from plugin)
Vector114                                         build/obj/vectors.o (symbol from plugin)
Vector118                                         build/obj/vectors.o (symbol from plugin)
Vector11C                                         build/obj/vectors.o (symbol from plugin)
Vector120                                         build/obj/vectors.o (symbol from plugin)
Vector124                                         build/obj/vectors.o (symbol from plugin)
Vector128                                         build/obj/vectors.o (symbol from plugin)
Vector12C                                         build/obj/vectors.o (symbol from plugin)
Vector130                                         build/obj/vectors.o (symbol from plugin)
Vector134                                         build/obj/vectors.o (symbol from plugin)
Vector138                                         build/obj/vectors.o (symbol from plugin)
Vector13C                                         build/obj/vectors.o (symbol from plugin)
Vector1C                                          build/obj/vectors.o (symbol from plugin)
Vector20                                          build/obj/vectors.o (symbol from plugin)
Vector24                                          build/obj/vectors.o (symbol from plugin)
Vector28                                          build/obj/vectors.o (symbol from plugin)
Vector34                                          build/obj/vectors.o (symbol from plugin)
Vector40                                          build/obj/vectors.o (symbol from plugin)
Vector44                                          build/obj/vectors.o (symbol from plugin)
Vector48                                          build/obj/vectors.o (symbol from plugin)
Vector4C                                          build/obj/vectors.o (symbol from plugin)
Vector50                                          build/obj/vectors.o (symbol from plugin)
Vector54                                          build/obj/vectors.o (symbol from plugin)
Vector58                                          build/obj/vectors.o (symbol from plugin)
Vector5C                                          build/obj/vectors.o (symbol from plugin)
Vector60                                          build/obj/vectors.o (symbol from plugin)
Vector64                                          build/obj/vectors.o (symbol from plugin)
Vector68                                          build/obj/vectors.o (symbol from plugin)
Vector6C                                          build/obj/stm32_dma.o (symbol from plugin)
                                                  build/obj/vectors.o (symbol from plugin)
Vector70                                          build/obj/stm32_dma.o (symbol from plugin)
                                                  build/obj/vectors.o (symbol from plugin)
Vector74                                          build/obj/stm32_dma.o (symbol from plugin)
                                                  build/obj/vectors.o (symbol from plugin)
Vector78                                          build/obj/stm32_dma.o (symbol from plugin)
                                                  build/obj/vectors.o (symbol from plugin)
Vector7C                                          build/obj/stm32_dma.o (symbol from plugin)
                                                  build/obj/vectors.o (symbol from plugin)
Vector80                                          build/obj/stm32_dma.o (symbol from plugin)
                                                  build/obj/vectors.o (symbol from plugin)
Vector84                                          build/obj/stm32_dma.o (symbol from plugin)
                                                  build/obj/vectors.o (symbol from plugin)
Vector88                                          build/obj/adc_lld.o (symbol from plugin)
                                                  build/obj/vectors.o (symbol from plugin)
Vector8C                                          build/obj/vectors.o (symbol from plugin)
Vector90                                          build/obj/vectors.o (symbol from plugin)
Vector94                                          build/obj/vectors.o (symbol from plugin)
Vector98                                          build/obj/vectors.o (symbol from plugin)
Vector9C                                          build/obj/vectors.o (symbol from plugin)
VectorA0                                          build/obj/vectors.o (symbol from plugin)
VectorA4                                          build/obj/vectors.o (symbol from plugin)
VectorA8                                          build/obj/vectors.o (symbol from plugin)
VectorAC                                          build/obj/vectors.o (symbol from plugin)
VectorB0                                          build/obj/st_lld.o (symbol from plugin)
                                                  build/obj/vectors.o (symbol from plugin)
VectorB4                                          build/obj/vectors.o (symbol from plugin)
VectorB8                                          build/obj/vectors.o (symbol from plugin)
VectorBC                                          build/obj/vectors.o (symbol from plugin)
VectorC0                                          build/obj/vectors.o (symbol from plugin)
VectorC4                                          build/obj/vectors.o (symbol from plugin)
VectorC8                                          build/obj/vectors.o (symbol from plugin)
VectorCC                                          build/obj/vectors.o (symbol from plugin)
VectorD0                                          build/obj/vectors.o (symbol from plugin)
VectorD4                                          build/obj/serial_lld.o (symbol from plugin)
                                                  build/obj/vectors.o (symbol from plugin)
VectorD8                                          build/obj/vectors.o (symbol from plugin)
VectorDC                                          build/obj/vectors.o (symbol from plugin)
VectorE0                                          build/obj/vectors.o (symbol from plugin)
VectorE4                                          build/obj/vectors.o (symbol from plugin)
VectorE8                                          build/obj/vectors.o (symbol from plugin)
VectorEC                                          build/obj/vectors.o (symbol from plugin)
VectorF0                                          build/obj/vectors.o (symbol from plugin)
VectorF4                                          build/obj/vectors.o (symbol from plugin)
VectorF8                                          build/obj/vectors.o (symbol from plugin)
VectorFC                                          build/obj/vectors.o (symbol from plugin)
__core_init                                       /var/folders/_2/42wyrlld3p52fkcpt1lv6gxh0000gp/T//ccos3Rnk.ltrans0.ltrans.o
                                                  build/obj/crt1.o (symbol from plugin)
                                                  build/obj/crt0_v7m.o
__default_exit                                    /var/folders/_2/42wyrlld3p52fkcpt1lv6gxh0000gp/T//ccos3Rnk.ltrans0.ltrans.o
                                                  build/obj/crt1.o (symbol from plugin)
                                                  build/obj/crt0_v7m.o
__early_init                                      /var/folders/_2/42wyrlld3p52fkcpt1lv6gxh0000gp/T//ccos3Rnk.ltrans0.ltrans.o
                                                  build/obj/board.o (symbol from plugin)
                                                  build/obj/crt1.o (symbol from plugin)
                                                  build/obj/crt0_v7m.o
__fini_array_end                                  build/obj/crt0_v7m.o
__fini_array_start                                build/obj/crt0_v7m.o
__heap_base__                                     /var/folders/_2/42wyrlld3p52fkcpt1lv6gxh0000gp/T//ccos3Rnk.ltrans0.ltrans.o
                                                  build/obj/chmemcore.o (symbol from plugin)
__heap_end__                                      /var/folders/_2/42wyrlld3p52fkcpt1lv6gxh0000gp/T//ccos3Rnk.ltrans0.ltrans.o
                                                  build/obj/chmemcore.o (symbol from plugin)
__init_array_end                                  build/obj/crt0_v7m.o
__init_array_start                                build/obj/crt0_v7m.o
__init_ram_areas                                  /var/folders/_2/42wyrlld3p52fkcpt1lv6gxh0000gp/T//ccos3Rnk.ltrans0.ltrans.o
                                                  build/obj/crt1.o (symbol from plugin)
                                                  build/obj/crt0_v7m.o
__late_init                                       /var/folders/_2/42wyrlld3p52fkcpt1lv6gxh0000gp/T//ccos3Rnk.ltrans0.ltrans.o
                                                  build/obj/crt1.o (symbol from plugin)
                                                  build/obj/crt0_v7m.o
__main_stack_base__                               build/obj/crt0_v7m.o
__main_stack_end__                                /var/folders/_2/42wyrlld3p52fkcpt1lv6gxh0000gp/T//ccos3Rnk.ltrans0.ltrans.o
                                                  build/obj/vectors.o (symbol from plugin)
                                                  build/obj/crt0_v7m.o
__process_stack_base__                            build/obj/crt0_v7m.o
__process_stack_end__                             build/obj/crt0_v7m.o
__ram0_clear__                                    /var/folders/_2/42wyrlld3p52fkcpt1lv6gxh0000gp/T//ccos3Rnk.ltrans0.ltrans.o
                                                  build/obj/crt1.o (symbol from plugin)
__ram0_init__                                     /var/folders/_2/42wyrlld3p52fkcpt1lv6gxh0000gp/T//ccos3Rnk.ltrans0.ltrans.o
                                                  build/obj/crt1.o (symbol from plugin)
__ram0_init_text__                                /var/folders/_2/42wyrlld3p52fkcpt1lv6gxh0000gp/T//ccos3Rnk.ltrans0.ltrans.o
                                                  build/obj/crt1.o (symbol from plugin)
__ram0_noinit__                                   /var/folders/_2/42wyrlld3p52fkcpt1lv6gxh0000gp/T//ccos3Rnk.ltrans0.ltrans.o
                                                  build/obj/crt1.o (symbol from plugin)
__ram1_clear__                                    /var/folders/_2/42wyrlld3p52fkcpt1lv6gxh0000gp/T//ccos3Rnk.ltrans0.ltrans.o
                                                  build/obj/crt1.o (symbol from plugin)
__ram1_init__                                     /var/folders/_2/42wyrlld3p52fkcpt1lv6gxh0000gp/T//ccos3Rnk.ltrans0.ltrans.o
                                                  build/obj/crt1.o (symbol from plugin)
__ram1_init_text__                                /var/folders/_2/42wyrlld3p52fkcpt1lv6gxh0000gp/T//ccos3Rnk.ltrans0.ltrans.o
                                                  build/obj/crt1.o (symbol from plugin)
__ram1_noinit__                                   /var/folders/_2/42wyrlld3p52fkcpt1lv6gxh0000gp/T//ccos3Rnk.ltrans0.ltrans.o
                                                  build/obj/crt1.o (symbol from plugin)
__ram2_clear__                                    /var/folders/_2/42wyrlld3p52fkcpt1lv6gxh0000gp/T//ccos3Rnk.ltrans0.ltrans.o
                                                  build/obj/crt1.o (symbol from plugin)
__ram2_init__                                     /var/folders/_2/42wyrlld3p52fkcpt1lv6gxh0000gp/T//ccos3Rnk.ltrans0.ltrans.o
                                                  build/obj/crt1.o (symbol from plugin)
__ram2_init_text__                                /var/folders/_2/42wyrlld3p52fkcpt1lv6gxh0000gp/T//ccos3Rnk.ltrans0.ltrans.o
                                                  build/obj/crt1.o (symbol from plugin)
__ram2_noinit__                                   /var/folders/_2/42wyrlld3p52fkcpt1lv6gxh0000gp/T//ccos3Rnk.ltrans0.ltrans.o
                                                  build/obj/crt1.o (symbol from plugin)
__ram3_clear__                                    /var/folders/_2/42wyrlld3p52fkcpt1lv6gxh0000gp/T//ccos3Rnk.ltrans0.ltrans.o
                                                  build/obj/crt1.o (symbol from plugin)
__ram3_init__                                     /var/folders/_2/42wyrlld3p52fkcpt1lv6gxh0000gp/T//ccos3Rnk.ltrans0.ltrans.o
                                                  build/obj/crt1.o (symbol from plugin)
__ram3_init_text__                                /var/folders/_2/42wyrlld3p52fkcpt1lv6gxh0000gp/T//ccos3Rnk.ltrans0.ltrans.o
                                                  build/obj/crt1.o (symbol from plugin)
__ram3_noinit__                                   /var/folders/_2/42wyrlld3p52fkcpt1lv6gxh0000gp/T//ccos3Rnk.ltrans0.ltrans.o
                                                  build/obj/crt1.o (symbol from plugin)
__ram4_clear__                                    /var/folders/_2/42wyrlld3p52fkcpt1lv6gxh0000gp/T//ccos3Rnk.ltrans0.ltrans.o
                                                  build/obj/crt1.o (symbol from plugin)
__ram4_init__                                     /var/folders/_2/42wyrlld3p52fkcpt1lv6gxh0000gp/T//ccos3Rnk.ltrans0.ltrans.o
                                                  build/obj/crt1.o (symbol from plugin)
__ram4_init_text__                                /var/folders/_2/42wyrlld3p52fkcpt1lv6gxh0000gp/T//ccos3Rnk.ltrans0.ltrans.o
                                                  build/obj/crt1.o (symbol from plugin)
__ram4_noinit__                                   /var/folders/_2/42wyrlld3p52fkcpt1lv6gxh0000gp/T//ccos3Rnk.ltrans0.ltrans.o
                                                  build/obj/crt1.o (symbol from plugin)
__ram5_clear__                                    /var/folders/_2/42wyrlld3p52fkcpt1lv6gxh0000gp/T//ccos3Rnk.ltrans0.ltrans.o
                                                  build/obj/crt1.o (symbol from plugin)
__ram5_init__                                     /var/folders/_2/42wyrlld3p52fkcpt1lv6gxh0000gp/T//ccos3Rnk.ltrans0.ltrans.o
                                                  build/obj/crt1.o (symbol from plugin)
__ram5_init_text__                                /var/folders/_2/42wyrlld3p52fkcpt1lv6gxh0000gp/T//ccos3Rnk.ltrans0.ltrans.o
                                                  build/obj/crt1.o (symbol from plugin)
__ram5_noinit__                                   /var/folders/_2/42wyrlld3p52fkcpt1lv6gxh0000gp/T//ccos3Rnk.ltrans0.ltrans.o
                                                  build/obj/crt1.o (symbol from plugin)
__ram6_clear__                                    /var/folders/_2/42wyrlld3p52fkcpt1lv6gxh0000gp/T//ccos3Rnk.ltrans0.ltrans.o
                                                  build/obj/crt1.o (symbol from plugin)
__ram6_init__                                     /var/folders/_2/42wyrlld3p52fkcpt1lv6gxh0000gp/T//ccos3Rnk.ltrans0.ltrans.o
                                                  build/obj/crt1.o (symbol from plugin)
__ram6_init_text__                                /var/folders/_2/42wyrlld3p52fkcpt1lv6gxh0000gp/T//ccos3Rnk.ltrans0.ltrans.o
                                                  build/obj/crt1.o (symbol from plugin)
__ram6_noinit__                                   /var/folders/_2/42wyrlld3p52fkcpt1lv6gxh0000gp/T//ccos3Rnk.ltrans0.ltrans.o
                                                  build/obj/crt1.o (symbol from plugin)
__ram7_clear__                                    /var/folders/_2/42wyrlld3p52fkcpt1lv6gxh0000gp/T//ccos3Rnk.ltrans0.ltrans.o
                                                  build/obj/crt1.o (symbol from plugin)
__ram7_init__                                     /var/folders/_2/42wyrlld3p52fkcpt1lv6gxh0000gp/T//ccos3Rnk.ltrans0.ltrans.o
                                                  build/obj/crt1.o (symbol from plugin)
__ram7_init_text__                                /var/folders/_2/42wyrlld3p52fkcpt1lv6gxh0000gp/T//ccos3Rnk.ltrans0.ltrans.o
                                                  build/obj/crt1.o (symbol from plugin)
__ram7_noinit__                                   /var/folders/_2/42wyrlld3p52fkcpt1lv6gxh0000gp/T//ccos3Rnk.ltrans0.ltrans.o
                                                  build/obj/crt1.o (symbol from plugin)
_bss_end                                          build/obj/crt0_v7m.o
_bss_start                                        build/obj/crt0_v7m.o
_core_init                                        build/obj/chmemcore.o (symbol from plugin)
                                                  build/obj/chsys.o (symbol from plugin)
_data_end                                         build/obj/crt0_v7m.o
_data_start                                       build/obj/crt0_v7m.o
_heap_init                                        build/obj/chheap.o (symbol from plugin)
                                                  build/obj/chsys.o (symbol from plugin)
_pal_lld_init                                     build/obj/pal_lld.o (symbol from plugin)
                                                  build/obj/hal.o (symbol from plugin)
_pal_lld_setgroupmode                             build/obj/pal_lld.o (symbol from plugin)
                                                  build/obj/main.o (symbol from plugin)
                                                  build/obj/pal.o (symbol from plugin)
_pal_lld_setgroupmode.constprop.2                 /var/folders/_2/42wyrlld3p52fkcpt1lv6gxh0000gp/T//ccos3Rnk.ltrans1.ltrans.o
                                                  /var/folders/_2/42wyrlld3p52fkcpt1lv6gxh0000gp/T//ccos3Rnk.ltrans0.ltrans.o
_port_exit_from_isr                               build/obj/chcoreasm_v7m.o
                                                  /var/folders/_2/42wyrlld3p52fkcpt1lv6gxh0000gp/T//ccos3Rnk.ltrans0.ltrans.o
                                                  build/obj/chcore_v7m.o (symbol from plugin)
_port_irq_epilogue                                build/obj/chcore_v7m.o (symbol from plugin)
                                                  build/obj/serial_lld.o (symbol from plugin)
                                                  build/obj/adc_lld.o (symbol from plugin)
                                                  build/obj/st_lld.o (symbol from plugin)
                                                  build/obj/stm32_dma.o (symbol from plugin)
_port_switch                                      build/obj/chcoreasm_v7m.o
                                                  /var/folders/_2/42wyrlld3p52fkcpt1lv6gxh0000gp/T//ccos3Rnk.ltrans0.ltrans.o
                                                  build/obj/chschd.o (symbol from plugin)
_port_switch_from_isr                             build/obj/chcoreasm_v7m.o
                                                  /var/folders/_2/42wyrlld3p52fkcpt1lv6gxh0000gp/T//ccos3Rnk.ltrans0.ltrans.o
                                                  build/obj/chcore_v7m.o (symbol from plugin)
_port_thread_start                                build/obj/chcoreasm_v7m.o
                                                  /var/folders/_2/42wyrlld3p52fkcpt1lv6gxh0000gp/T//ccos3Rnk.ltrans0.ltrans.o
                                                  build/obj/chthreads.o (symbol from plugin)
_scheduler_init                                   build/obj/chschd.o (symbol from plugin)
                                                  build/obj/chsys.o (symbol from plugin)
_stm32_dma_isr_redir                              build/obj/stm32_dma.o (symbol from plugin)
_stm32_dma_streams                                build/obj/stm32_dma.o (symbol from plugin)
                                                  build/obj/adc_lld.o (symbol from plugin)
_test_assert                                      build/obj/test.o (symbol from plugin)
                                                  build/obj/testsys.o (symbol from plugin)
                                                  build/obj/testqueues.o (symbol from plugin)
                                                  build/obj/testdyn.o (symbol from plugin)
                                                  build/obj/testpools.o (symbol from plugin)
                                                  build/obj/testheap.o (symbol from plugin)
                                                  build/obj/testevt.o (symbol from plugin)
                                                  build/obj/testmbox.o (symbol from plugin)
                                                  build/obj/testmtx.o (symbol from plugin)
                                                  build/obj/testsem.o (symbol from plugin)
                                                  build/obj/testthd.o (symbol from plugin)
_test_assert_sequence                             build/obj/test.o (symbol from plugin)
                                                  build/obj/testqueues.o (symbol from plugin)
                                                  build/obj/testdyn.o (symbol from plugin)
                                                  build/obj/testevt.o (symbol from plugin)
                                                  build/obj/testmbox.o (symbol from plugin)
                                                  build/obj/testmsg.o (symbol from plugin)
                                                  build/obj/testmtx.o (symbol from plugin)
                                                  build/obj/testsem.o (symbol from plugin)
                                                  build/obj/testthd.o (symbol from plugin)
_test_assert_time_window                          build/obj/test.o (symbol from plugin)
                                                  build/obj/testevt.o (symbol from plugin)
                                                  build/obj/testsem.o (symbol from plugin)
                                                  build/obj/testthd.o (symbol from plugin)
_test_fail                                        build/obj/test.o (symbol from plugin)
_textdata_start                                   build/obj/crt0_v7m.o
_thread_init                                      build/obj/chthreads.o (symbol from plugin)
                                                  build/obj/chsys.o (symbol from plugin)
_tm_init                                          build/obj/chtm.o (symbol from plugin)
                                                  build/obj/chsys.o (symbol from plugin)
_unhandled_exception                              build/obj/vectors.o (symbol from plugin)
_vectors                                          /var/folders/_2/42wyrlld3p52fkcpt1lv6gxh0000gp/T//ccos3Rnk.ltrans0.ltrans.o
                                                  build/obj/vectors.o (symbol from plugin)
_vt_init                                          build/obj/chvt.o (symbol from plugin)
                                                  build/obj/chsys.o (symbol from plugin)
adcAcquireBus                                     build/obj/adc.o (symbol from plugin)
                                                  build/obj/test.o (symbol from plugin)
adcConvert                                        build/obj/adc.o (symbol from plugin)
                                                  build/obj/test.o (symbol from plugin)
adcInit                                           build/obj/adc.o (symbol from plugin)
                                                  build/obj/hal.o (symbol from plugin)
adcObjectInit                                     build/obj/adc.o (symbol from plugin)
                                                  build/obj/adc_lld.o (symbol from plugin)
adcReleaseBus                                     build/obj/adc.o (symbol from plugin)
                                                  build/obj/test.o (symbol from plugin)
adcSTM32DisableTSVREFE                            build/obj/adc_lld.o (symbol from plugin)
adcSTM32EnableTSVREFE                             build/obj/adc_lld.o (symbol from plugin)
adcStart                                          build/obj/adc.o (symbol from plugin)
                                                  build/obj/main.o (symbol from plugin)
adcStartConversion                                build/obj/adc.o (symbol from plugin)
adcStartConversionI                               build/obj/adc.o (symbol from plugin)
adcStop                                           build/obj/adc.o (symbol from plugin)
adcStopConversion                                 build/obj/adc.o (symbol from plugin)
adcStopConversionI                                build/obj/adc.o (symbol from plugin)
adc_lld_init                                      build/obj/adc_lld.o (symbol from plugin)
                                                  build/obj/adc.o (symbol from plugin)
adc_lld_start                                     build/obj/adc_lld.o (symbol from plugin)
                                                  build/obj/adc.o (symbol from plugin)
adc_lld_start_conversion                          build/obj/adc_lld.o (symbol from plugin)
                                                  build/obj/adc.o (symbol from plugin)
adc_lld_stop                                      build/obj/adc_lld.o (symbol from plugin)
                                                  build/obj/adc.o (symbol from plugin)
adc_lld_stop_conversion                           build/obj/adc_lld.o (symbol from plugin)
                                                  build/obj/adc.o (symbol from plugin)
amp                                               build/obj/test.o (symbol from plugin)
boardInit                                         build/obj/board.o (symbol from plugin)
                                                  build/obj/hal.o (symbol from plugin)
ch                                                build/obj/chschd.o (symbol from plugin)
                                                  build/obj/testbmk.o (symbol from plugin)
                                                  build/obj/testqueues.o (symbol from plugin)
                                                  build/obj/testdyn.o (symbol from plugin)
                                                  build/obj/testevt.o (symbol from plugin)
                                                  build/obj/testmsg.o (symbol from plugin)
                                                  build/obj/testmtx.o (symbol from plugin)
                                                  build/obj/testsem.o (symbol from plugin)
                                                  build/obj/testthd.o (symbol from plugin)
                                                  build/obj/chmsg.o (symbol from plugin)
                                                  build/obj/chevents.o (symbol from plugin)
                                                  build/obj/chcond.o (symbol from plugin)
                                                  build/obj/chmtx.o (symbol from plugin)
                                                  build/obj/chsem.o (symbol from plugin)
                                                  build/obj/chregistry.o (symbol from plugin)
                                                  build/obj/chtm.o (symbol from plugin)
                                                  build/obj/chthreads.o (symbol from plugin)
                                                  build/obj/chvt.o (symbol from plugin)
                                                  build/obj/chsys.o (symbol from plugin)
chCondBroadcast                                   build/obj/chcond.o (symbol from plugin)
                                                  build/obj/testmtx.o (symbol from plugin)
chCondBroadcastI                                  build/obj/chcond.o (symbol from plugin)
chCondObjectInit                                  build/obj/chcond.o (symbol from plugin)
                                                  build/obj/testmtx.o (symbol from plugin)
chCondSignal                                      build/obj/chcond.o (symbol from plugin)
                                                  build/obj/testmtx.o (symbol from plugin)
chCondSignalI                                     build/obj/chcond.o (symbol from plugin)
                                                  build/obj/testmtx.o (symbol from plugin)
chCondWait                                        build/obj/chcond.o (symbol from plugin)
                                                  build/obj/testmtx.o (symbol from plugin)
chCondWaitS                                       build/obj/chcond.o (symbol from plugin)
chCondWaitTimeout                                 build/obj/chcond.o (symbol from plugin)
                                                  build/obj/testmtx.o (symbol from plugin)
chCondWaitTimeoutS                                build/obj/chcond.o (symbol from plugin)
chCoreAlloc                                       build/obj/chmemcore.o (symbol from plugin)
                                                  build/obj/chheap.o (symbol from plugin)
chCoreAllocI                                      build/obj/chmemcore.o (symbol from plugin)
chCoreGetStatusX                                  build/obj/chmemcore.o (symbol from plugin)
                                                  build/obj/testheap.o (symbol from plugin)
chEvtAddEvents                                    build/obj/chevents.o (symbol from plugin)
                                                  build/obj/testevt.o (symbol from plugin)
chEvtBroadcastFlags                               build/obj/chevents.o (symbol from plugin)
                                                  build/obj/testevt.o (symbol from plugin)
chEvtBroadcastFlagsI                              build/obj/chevents.o (symbol from plugin)
                                                  build/obj/serial_lld.o (symbol from plugin)
                                                  build/obj/serial.o (symbol from plugin)
chEvtBroadcastFlagsI.constprop.18                 /var/folders/_2/42wyrlld3p52fkcpt1lv6gxh0000gp/T//ccos3Rnk.ltrans1.ltrans.o
                                                  /var/folders/_2/42wyrlld3p52fkcpt1lv6gxh0000gp/T//ccos3Rnk.ltrans0.ltrans.o
chEvtDispatch                                     build/obj/chevents.o (symbol from plugin)
                                                  build/obj/testevt.o (symbol from plugin)
chEvtGetAndClearEvents                            build/obj/chevents.o (symbol from plugin)
                                                  build/obj/testevt.o (symbol from plugin)
chEvtGetAndClearFlags                             build/obj/chevents.o (symbol from plugin)
chEvtGetAndClearFlagsI                            build/obj/chevents.o (symbol from plugin)
chEvtRegisterMaskWithFlags                        build/obj/chevents.o (symbol from plugin)
                                                  build/obj/testevt.o (symbol from plugin)
chEvtSignal                                       build/obj/chevents.o (symbol from plugin)
                                                  build/obj/testevt.o (symbol from plugin)
chEvtSignalI                                      build/obj/chevents.o (symbol from plugin)
chEvtUnregister                                   build/obj/chevents.o (symbol from plugin)
                                                  build/obj/testevt.o (symbol from plugin)
chEvtWaitAll                                      build/obj/chevents.o (symbol from plugin)
                                                  build/obj/testevt.o (symbol from plugin)
chEvtWaitAllTimeout                               build/obj/chevents.o (symbol from plugin)
                                                  build/obj/testevt.o (symbol from plugin)
chEvtWaitAny                                      build/obj/chevents.o (symbol from plugin)
                                                  build/obj/testevt.o (symbol from plugin)
chEvtWaitAnyTimeout                               build/obj/chevents.o (symbol from plugin)
                                                  build/obj/testevt.o (symbol from plugin)
chEvtWaitOne                                      build/obj/chevents.o (symbol from plugin)
                                                  build/obj/testevt.o (symbol from plugin)
chEvtWaitOneTimeout                               build/obj/chevents.o (symbol from plugin)
                                                  build/obj/testevt.o (symbol from plugin)
chHeapAlloc                                       build/obj/chheap.o (symbol from plugin)
                                                  build/obj/testdyn.o (symbol from plugin)
                                                  build/obj/testheap.o (symbol from plugin)
                                                  build/obj/chdynamic.o (symbol from plugin)
chHeapFree                                        build/obj/chheap.o (symbol from plugin)
                                                  build/obj/testdyn.o (symbol from plugin)
                                                  build/obj/testheap.o (symbol from plugin)
                                                  build/obj/chdynamic.o (symbol from plugin)
chHeapObjectInit                                  build/obj/chheap.o (symbol from plugin)
                                                  build/obj/testdyn.o (symbol from plugin)
                                                  build/obj/testheap.o (symbol from plugin)
chHeapStatus                                      build/obj/chheap.o (symbol from plugin)
                                                  build/obj/testdyn.o (symbol from plugin)
                                                  build/obj/testheap.o (symbol from plugin)
chIQGetTimeout                                    build/obj/chqueues.o (symbol from plugin)
                                                  build/obj/testbmk.o (symbol from plugin)
                                                  build/obj/testqueues.o (symbol from plugin)
                                                  build/obj/serial.o (symbol from plugin)
chIQObjectInit                                    build/obj/chqueues.o (symbol from plugin)
                                                  build/obj/testbmk.o (symbol from plugin)
                                                  build/obj/testqueues.o (symbol from plugin)
                                                  build/obj/serial.o (symbol from plugin)
chIQPutI                                          build/obj/chqueues.o (symbol from plugin)
                                                  build/obj/testbmk.o (symbol from plugin)
                                                  build/obj/testqueues.o (symbol from plugin)
                                                  build/obj/serial.o (symbol from plugin)
chIQReadTimeout                                   build/obj/chqueues.o (symbol from plugin)
                                                  build/obj/testqueues.o (symbol from plugin)
                                                  build/obj/serial.o (symbol from plugin)
chIQResetI                                        build/obj/chqueues.o (symbol from plugin)
                                                  build/obj/testqueues.o (symbol from plugin)
                                                  build/obj/serial.o (symbol from plugin)
chMBFetch                                         build/obj/chmboxes.o (symbol from plugin)
                                                  build/obj/testmbox.o (symbol from plugin)
chMBFetchI                                        build/obj/chmboxes.o (symbol from plugin)
                                                  build/obj/testmbox.o (symbol from plugin)
chMBFetchS                                        build/obj/chmboxes.o (symbol from plugin)
chMBObjectInit                                    build/obj/chmboxes.o (symbol from plugin)
                                                  build/obj/testmbox.o (symbol from plugin)
chMBPost                                          build/obj/chmboxes.o (symbol from plugin)
                                                  build/obj/testmbox.o (symbol from plugin)
chMBPostAhead                                     build/obj/chmboxes.o (symbol from plugin)
                                                  build/obj/testmbox.o (symbol from plugin)
chMBPostAheadI                                    build/obj/chmboxes.o (symbol from plugin)
                                                  build/obj/testmbox.o (symbol from plugin)
chMBPostAheadS                                    build/obj/chmboxes.o (symbol from plugin)
chMBPostI                                         build/obj/chmboxes.o (symbol from plugin)
                                                  build/obj/testmbox.o (symbol from plugin)
chMBPostS                                         build/obj/chmboxes.o (symbol from plugin)
chMBReset                                         build/obj/chmboxes.o (symbol from plugin)
                                                  build/obj/testmbox.o (symbol from plugin)
chMBResetI                                        build/obj/chmboxes.o (symbol from plugin)
chMsgRelease                                      build/obj/chmsg.o (symbol from plugin)
                                                  build/obj/testbmk.o (symbol from plugin)
                                                  build/obj/testmsg.o (symbol from plugin)
chMsgSend                                         build/obj/chmsg.o (symbol from plugin)
                                                  build/obj/testbmk.o (symbol from plugin)
                                                  build/obj/testmsg.o (symbol from plugin)
chMsgWait                                         build/obj/chmsg.o (symbol from plugin)
                                                  build/obj/testbmk.o (symbol from plugin)
                                                  build/obj/testmsg.o (symbol from plugin)
chMtxLock                                         build/obj/chmtx.o (symbol from plugin)
                                                  build/obj/testbmk.o (symbol from plugin)
                                                  build/obj/testmtx.o (symbol from plugin)
                                                  build/obj/adc.o (symbol from plugin)
                                                  build/obj/chheap.o (symbol from plugin)
chMtxLockS                                        build/obj/chmtx.o (symbol from plugin)
                                                  build/obj/chcond.o (symbol from plugin)
chMtxObjectInit                                   build/obj/chmtx.o (symbol from plugin)
                                                  build/obj/testbmk.o (symbol from plugin)
                                                  build/obj/testmtx.o (symbol from plugin)
                                                  build/obj/adc.o (symbol from plugin)
                                                  build/obj/chheap.o (symbol from plugin)
chMtxTryLock                                      build/obj/chmtx.o (symbol from plugin)
                                                  build/obj/testmtx.o (symbol from plugin)
chMtxTryLockS                                     build/obj/chmtx.o (symbol from plugin)
chMtxUnlock                                       build/obj/chmtx.o (symbol from plugin)
                                                  build/obj/testbmk.o (symbol from plugin)
                                                  build/obj/testmtx.o (symbol from plugin)
                                                  build/obj/adc.o (symbol from plugin)
                                                  build/obj/chheap.o (symbol from plugin)
chMtxUnlockAll                                    build/obj/chmtx.o (symbol from plugin)
                                                  build/obj/testmtx.o (symbol from plugin)
chMtxUnlockS                                      build/obj/chmtx.o (symbol from plugin)
                                                  build/obj/testmtx.o (symbol from plugin)
                                                  build/obj/chcond.o (symbol from plugin)
chOQGetI                                          build/obj/chqueues.o (symbol from plugin)
                                                  build/obj/testqueues.o (symbol from plugin)
                                                  build/obj/serial_lld.o (symbol from plugin)
                                                  build/obj/serial.o (symbol from plugin)
chOQObjectInit                                    build/obj/chqueues.o (symbol from plugin)
                                                  build/obj/testqueues.o (symbol from plugin)
                                                  build/obj/serial.o (symbol from plugin)
chOQPutTimeout                                    build/obj/chqueues.o (symbol from plugin)
                                                  build/obj/testqueues.o (symbol from plugin)
                                                  build/obj/serial.o (symbol from plugin)
chOQResetI                                        build/obj/chqueues.o (symbol from plugin)
                                                  build/obj/testqueues.o (symbol from plugin)
                                                  build/obj/serial.o (symbol from plugin)
chOQWriteTimeout                                  build/obj/chqueues.o (symbol from plugin)
                                                  build/obj/testqueues.o (symbol from plugin)
                                                  build/obj/serial.o (symbol from plugin)
chPoolAlloc                                       build/obj/chmempools.o (symbol from plugin)
                                                  build/obj/testdyn.o (symbol from plugin)
                                                  build/obj/testpools.o (symbol from plugin)
                                                  build/obj/chdynamic.o (symbol from plugin)
chPoolAllocI                                      build/obj/chmempools.o (symbol from plugin)
chPoolFree                                        build/obj/chmempools.o (symbol from plugin)
                                                  build/obj/testdyn.o (symbol from plugin)
                                                  build/obj/testpools.o (symbol from plugin)
                                                  build/obj/chdynamic.o (symbol from plugin)
chPoolFreeI                                       build/obj/chmempools.o (symbol from plugin)
chPoolLoadArray                                   build/obj/chmempools.o (symbol from plugin)
                                                  build/obj/testpools.o (symbol from plugin)
chPoolObjectInit                                  build/obj/chmempools.o (symbol from plugin)
                                                  build/obj/testdyn.o (symbol from plugin)
                                                  build/obj/testpools.o (symbol from plugin)
chRegFirstThread                                  build/obj/chregistry.o (symbol from plugin)
                                                  build/obj/testdyn.o (symbol from plugin)
chRegNextThread                                   build/obj/chregistry.o (symbol from plugin)
                                                  build/obj/testdyn.o (symbol from plugin)
chSchDoReschedule                                 /var/folders/_2/42wyrlld3p52fkcpt1lv6gxh0000gp/T//ccos3Rnk.ltrans0.ltrans.o
                                                  build/obj/chschd.o (symbol from plugin)
                                                  build/obj/chcoreasm_v7m.o
chSchDoRescheduleAhead                            build/obj/chschd.o (symbol from plugin)
chSchDoRescheduleBehind                           build/obj/chschd.o (symbol from plugin)
                                                  build/obj/chthreads.o (symbol from plugin)
chSchGoSleepS                                     build/obj/chschd.o (symbol from plugin)
                                                  build/obj/testbmk.o (symbol from plugin)
                                                  build/obj/chmsg.o (symbol from plugin)
                                                  build/obj/chevents.o (symbol from plugin)
                                                  build/obj/chcond.o (symbol from plugin)
                                                  build/obj/chmtx.o (symbol from plugin)
                                                  build/obj/chsem.o (symbol from plugin)
                                                  build/obj/chthreads.o (symbol from plugin)
chSchGoSleepTimeoutS                              build/obj/chschd.o (symbol from plugin)
                                                  build/obj/chevents.o (symbol from plugin)
                                                  build/obj/chcond.o (symbol from plugin)
                                                  build/obj/chsem.o (symbol from plugin)
                                                  build/obj/chthreads.o (symbol from plugin)
chSchIsPreemptionRequired                         build/obj/chschd.o (symbol from plugin)
                                                  build/obj/chcore_v7m.o (symbol from plugin)
chSchReadyI                                       /var/folders/_2/42wyrlld3p52fkcpt1lv6gxh0000gp/T//ccos3Rnk.ltrans0.ltrans.o
                                                  build/obj/chschd.o (symbol from plugin)
                                                  /var/folders/_2/42wyrlld3p52fkcpt1lv6gxh0000gp/T//ccos3Rnk.ltrans1.ltrans.o
                                                  build/obj/chmsg.o (symbol from plugin)
                                                  build/obj/chevents.o (symbol from plugin)
                                                  build/obj/chcond.o (symbol from plugin)
                                                  build/obj/chmtx.o (symbol from plugin)
                                                  build/obj/chsem.o (symbol from plugin)
                                                  build/obj/chthreads.o (symbol from plugin)
chSchRescheduleS                                  build/obj/chschd.o (symbol from plugin)
                                                  build/obj/testmtx.o (symbol from plugin)
                                                  build/obj/testsem.o (symbol from plugin)
                                                  build/obj/serial.o (symbol from plugin)
                                                  build/obj/chmboxes.o (symbol from plugin)
                                                  build/obj/chevents.o (symbol from plugin)
                                                  build/obj/chcond.o (symbol from plugin)
                                                  build/obj/chmtx.o (symbol from plugin)
                                                  build/obj/chsem.o (symbol from plugin)
                                                  build/obj/chthreads.o (symbol from plugin)
                                                  build/obj/chsys.o (symbol from plugin)
chSchWakeupS                                      build/obj/chschd.o (symbol from plugin)
                                                  build/obj/testbmk.o (symbol from plugin)
                                                  build/obj/chmsg.o (symbol from plugin)
                                                  build/obj/chcond.o (symbol from plugin)
                                                  build/obj/chsem.o (symbol from plugin)
                                                  build/obj/chdynamic.o (symbol from plugin)
                                                  build/obj/chthreads.o (symbol from plugin)
chSemAddCounterI                                  build/obj/chsem.o (symbol from plugin)
                                                  build/obj/testsem.o (symbol from plugin)
chSemObjectInit                                   build/obj/chsem.o (symbol from plugin)
                                                  build/obj/testbmk.o (symbol from plugin)
                                                  build/obj/testsem.o (symbol from plugin)
                                                  build/obj/chmboxes.o (symbol from plugin)
chSemReset                                        build/obj/chsem.o (symbol from plugin)
                                                  build/obj/testbmk.o (symbol from plugin)
                                                  build/obj/testsem.o (symbol from plugin)
chSemResetI                                       build/obj/chsem.o (symbol from plugin)
                                                  build/obj/chmboxes.o (symbol from plugin)
chSemSignal                                       build/obj/chsem.o (symbol from plugin)
                                                  build/obj/testbmk.o (symbol from plugin)
                                                  build/obj/testsem.o (symbol from plugin)
chSemSignalI                                      build/obj/chsem.o (symbol from plugin)
                                                  build/obj/testsem.o (symbol from plugin)
                                                  build/obj/chmboxes.o (symbol from plugin)
chSemSignalWait                                   build/obj/chsem.o (symbol from plugin)
                                                  build/obj/testsem.o (symbol from plugin)
chSemWait                                         build/obj/chsem.o (symbol from plugin)
                                                  build/obj/testbmk.o (symbol from plugin)
                                                  build/obj/testsem.o (symbol from plugin)
chSemWaitS                                        build/obj/chsem.o (symbol from plugin)
chSemWaitTimeout                                  build/obj/chsem.o (symbol from plugin)
                                                  build/obj/testsem.o (symbol from plugin)
chSemWaitTimeoutS                                 build/obj/chsem.o (symbol from plugin)
                                                  build/obj/chmboxes.o (symbol from plugin)
chSysGetStatusAndLockX                            build/obj/chsys.o (symbol from plugin)
                                                  build/obj/testsys.o (symbol from plugin)
chSysHalt                                         build/obj/chsys.o (symbol from plugin)
chSysInit                                         build/obj/chsys.o (symbol from plugin)
                                                  build/obj/main.o (symbol from plugin)
chSysIntegrityCheckI                              build/obj/chsys.o (symbol from plugin)
                                                  build/obj/testsys.o (symbol from plugin)
chSysIsCounterWithinX                             build/obj/chsys.o (symbol from plugin)
chSysPolledDelayX                                 build/obj/chsys.o (symbol from plugin)
chSysRestoreStatusX                               build/obj/chsys.o (symbol from plugin)
                                                  build/obj/testsys.o (symbol from plugin)
chSysTimerHandlerI                                build/obj/chsys.o (symbol from plugin)
                                                  build/obj/st_lld.o (symbol from plugin)
chTMChainMeasurementToX                           build/obj/chtm.o (symbol from plugin)
chTMObjectInit                                    build/obj/chtm.o (symbol from plugin)
chTMStartMeasurementX                             build/obj/chtm.o (symbol from plugin)
chTMStartMeasurementX.constprop.22                /var/folders/_2/42wyrlld3p52fkcpt1lv6gxh0000gp/T//ccos3Rnk.ltrans1.ltrans.o
                                                  /var/folders/_2/42wyrlld3p52fkcpt1lv6gxh0000gp/T//ccos3Rnk.ltrans0.ltrans.o
chTMStopMeasurementX                              build/obj/chtm.o (symbol from plugin)
chThdAddRef                                       build/obj/chdynamic.o (symbol from plugin)
                                                  build/obj/testdyn.o (symbol from plugin)
chThdCreateFromHeap                               build/obj/chdynamic.o (symbol from plugin)
                                                  build/obj/testdyn.o (symbol from plugin)
chThdCreateFromMemoryPool                         build/obj/chdynamic.o (symbol from plugin)
                                                  build/obj/testdyn.o (symbol from plugin)
chThdCreateI                                      build/obj/chthreads.o (symbol from plugin)
                                                  build/obj/testthd.o (symbol from plugin)
                                                  build/obj/chdynamic.o (symbol from plugin)
chThdCreateStatic                                 build/obj/chthreads.o (symbol from plugin)
                                                  build/obj/testbmk.o (symbol from plugin)
                                                  build/obj/testqueues.o (symbol from plugin)
                                                  build/obj/testevt.o (symbol from plugin)
                                                  build/obj/testmsg.o (symbol from plugin)
                                                  build/obj/testmtx.o (symbol from plugin)
                                                  build/obj/testsem.o (symbol from plugin)
                                                  build/obj/testthd.o (symbol from plugin)
                                                  build/obj/chsys.o (symbol from plugin)
chThdDequeueAllI                                  build/obj/chthreads.o (symbol from plugin)
                                                  build/obj/hal_buffers.o (symbol from plugin)
                                                  build/obj/chqueues.o (symbol from plugin)
chThdDequeueNextI                                 build/obj/chthreads.o (symbol from plugin)
                                                  build/obj/hal_buffers.o (symbol from plugin)
                                                  build/obj/chqueues.o (symbol from plugin)
chThdEnqueueTimeoutS                              build/obj/chthreads.o (symbol from plugin)
                                                  build/obj/hal_buffers.o (symbol from plugin)
                                                  build/obj/chqueues.o (symbol from plugin)
chThdExit                                         /var/folders/_2/42wyrlld3p52fkcpt1lv6gxh0000gp/T//ccos3Rnk.ltrans0.ltrans.o
                                                  build/obj/chthreads.o (symbol from plugin)
                                                  build/obj/testbmk.o (symbol from plugin)
                                                  build/obj/chcoreasm_v7m.o
chThdExitS                                        build/obj/chthreads.o (symbol from plugin)
chThdRelease                                      build/obj/chdynamic.o (symbol from plugin)
                                                  build/obj/testdyn.o (symbol from plugin)
                                                  build/obj/chregistry.o (symbol from plugin)
                                                  build/obj/chthreads.o (symbol from plugin)
chThdResume                                       build/obj/chthreads.o (symbol from plugin)
chThdResumeI                                      build/obj/chthreads.o (symbol from plugin)
                                                  build/obj/adc_lld.o (symbol from plugin)
                                                  build/obj/adc.o (symbol from plugin)
chThdResumeS                                      build/obj/chthreads.o (symbol from plugin)
                                                  build/obj/adc.o (symbol from plugin)
chThdSetPriority                                  build/obj/chthreads.o (symbol from plugin)
                                                  build/obj/testthd.o (symbol from plugin)
chThdSleep                                        build/obj/chthreads.o (symbol from plugin)
                                                  build/obj/main.o (symbol from plugin)
                                                  build/obj/testbmk.o (symbol from plugin)
                                                  build/obj/testsys.o (symbol from plugin)
                                                  build/obj/testdyn.o (symbol from plugin)
                                                  build/obj/testevt.o (symbol from plugin)
                                                  build/obj/testmtx.o (symbol from plugin)
                                                  build/obj/testsem.o (symbol from plugin)
                                                  build/obj/testthd.o (symbol from plugin)
                                                  build/obj/test.o (symbol from plugin)
chThdSleepUntil                                   build/obj/chthreads.o (symbol from plugin)
                                                  build/obj/testthd.o (symbol from plugin)
chThdSleepUntilWindowed                           build/obj/chthreads.o (symbol from plugin)
chThdStart                                        build/obj/chthreads.o (symbol from plugin)
                                                  build/obj/testthd.o (symbol from plugin)
chThdSuspendS                                     build/obj/chthreads.o (symbol from plugin)
                                                  build/obj/adc.o (symbol from plugin)
chThdSuspendTimeoutS                              build/obj/chthreads.o (symbol from plugin)
chThdTerminate                                    build/obj/chthreads.o (symbol from plugin)
                                                  build/obj/test.o (symbol from plugin)
chThdWait                                         build/obj/chthreads.o (symbol from plugin)
                                                  build/obj/testbmk.o (symbol from plugin)
                                                  build/obj/test.o (symbol from plugin)
chThdYield                                        build/obj/chthreads.o (symbol from plugin)
                                                  build/obj/testbmk.o (symbol from plugin)
chVTDoResetI                                      build/obj/chvt.o (symbol from plugin)
                                                  build/obj/testbmk.o (symbol from plugin)
                                                  build/obj/testsys.o (symbol from plugin)
                                                  build/obj/test.o (symbol from plugin)
                                                  build/obj/chschd.o (symbol from plugin)
chVTDoSetI                                        build/obj/chvt.o (symbol from plugin)
                                                  build/obj/testbmk.o (symbol from plugin)
                                                  build/obj/testsys.o (symbol from plugin)
                                                  build/obj/test.o (symbol from plugin)
                                                  build/obj/chschd.o (symbol from plugin)
ch_debug                                          build/obj/chregistry.o (symbol from plugin)
                                                  build/obj/chsys.o (symbol from plugin)
dmaInit                                           build/obj/stm32_dma.o (symbol from plugin)