11:40:17 **** Build of configuration Default for project Test ****
make -j3 all 
Compiler Options
arm-none-eabi-gcc -c -mcpu=cortex-m3 -O2 -ggdb -fomit-frame-pointer -falign-functions=16 -ffunction-sections -fdata-sections -fno-common -flto -Wall -Wextra -Wundef -Wstrict-prototypes -Wa,-alms=build/lst/ -DCORTEX_USE_FPU=FALSE -DTHUMB_PRESENT -mno-thumb-interwork -DTHUMB_NO_INTERWORKING -MD -MP -MF .dep/build.d -I. -I../../ChibiOS/os/common/ports/ARMCMx/compilers/GCC -I../../ChibiOS/os/common/ports/ARMCMx/devices/STM32L1xx -I../../ChibiOS/os/ext/CMSIS/include -I../../ChibiOS/os/ext/CMSIS/ST/STM32L1xx -I../../ChibiOS/os/rt/include -I../../ChibiOS/os/rt/ports/ARMCMx -I../../ChibiOS/os/rt/ports/ARMCMx/compilers/GCC -I../../ChibiOS/os/hal/osal/rt -I../../ChibiOS/os/hal/include -I../../ChibiOS/os/hal/ports/common/ARMCMx -I../../ChibiOS/os/hal/ports/STM32/STM32L1xx -I../../ChibiOS/os/hal/ports/STM32/LLD/EXTIv1 -I../../ChibiOS/os/hal/ports/STM32/LLD/DACv1 -I../../ChibiOS/os/hal/ports/STM32/LLD/DMAv1 -I../../ChibiOS/os/hal/ports/STM32/LLD/GPIOv2 -I../../ChibiOS/os/hal/ports/STM32/LLD/I2Cv1 -I../../ChibiOS/os/hal/ports/STM32/LLD/RTCv2 -I../../ChibiOS/os/hal/ports/STM32/LLD/SPIv1 -I../../ChibiOS/os/hal/ports/STM32/LLD/TIMv1 -I../../ChibiOS/os/hal/ports/STM32/LLD/USARTv1 -I../../ChibiOS/os/hal/ports/STM32/LLD/USBv1 -I../../ChibiOS/os/hal/ports/STM32/LLD/xWDGv1 -I../../ChibiOS/os/hal/boards/ST_STM32L_DISCOVERY -I../../ChibiOS/test/rt -I../../ChibiOS/os/various main.c -o main.o

Compiling crt0_v7m.s
Compiling chcoreasm_v7m.s
Compiling crt1.c
Compiling chsys.c
Compiling vectors.c
Compiling chdebug.c
Compiling chvt.c
Compiling chschd.c
Compiling chthreads.c
Compiling chtm.c
Compiling chdynamic.c
Compiling chregistry.c
Compiling chsem.c
Compiling chmtx.c
Compiling chcond.c
Compiling chevents.c
Compiling chmsg.c
Compiling chmboxes.c
Compiling chqueues.c
Compiling chmemcore.c
Compiling chheap.c
Compiling chmempools.c
Compiling chcore.c
Compiling chcore_v7m.c
Compiling osal.c
Compiling hal.c
Compiling st.c
Compiling hal_buffers.c
Compiling hal_queues.c
Compiling hal_mmcsd.c
Compiling adc.c
Compiling pal.c
Compiling serial.c
Compiling nvic.c
Compiling hal_lld.c
Compiling stm32_dma.c
Compiling st_lld.c
Compiling adc_lld.c
Compiling pal_lld.c
Compiling serial_lld.c
Compiling board.c
Compiling test.c
Compiling testthd.c
Compiling testsem.c
../../ChibiOS/test/rt/test.c: In function 'heartbeat':
../../ChibiOS/test/rt/test.c:336:58: warning: unused parameter 'peak' [-Wunused-parameter]
 int heartbeat(int adc, int* intervalN, int* status, int* peak,int* trough,int* thrsh,int* pl )
                                                          ^
../../ChibiOS/test/rt/test.c:336:68: warning: unused parameter 'trough' [-Wunused-parameter]
 int heartbeat(int adc, int* intervalN, int* status, int* peak,int* trough,int* thrsh,int* pl )
                                                                    ^
../../ChibiOS/test/rt/test.c: In function 'TestThread':
../../ChibiOS/test/rt/test.c:460:8: warning: function declaration isn't a prototype [-Wstrict-prototypes]
    int adc_oversample()
        ^
../../ChibiOS/test/rt/test.c: In function 'TestThread2':
../../ChibiOS/test/rt/test.c:596:9: warning: function declaration isn't a prototype [-Wstrict-prototypes]
     int adc_oversample()
         ^
../../ChibiOS/test/rt/test.c: At top level:
../../ChibiOS/test/rt/test.c:45:45: warning: 'patterns' defined but not used [-Wunused-variable]
 static ROMCONST struct testcase * ROMCONST *patterns[] = {
                                             ^
../../ChibiOS/test/rt/test.c:158:13: warning: 'print_tokens' defined but not used [-Wunused-function]
 static void print_tokens(void) {
             ^
../../ChibiOS/test/rt/test.c:305:13: warning: 'execute_test' defined but not used [-Wunused-function]
 static void execute_test(const struct testcase *tcp) {
             ^
../../ChibiOS/test/rt/test.c:323:13: warning: 'print_line' defined but not used [-Wunused-function]
 static void print_line(void) {
             ^
../../ChibiOS/test/rt/test.c: In function 'heartbeat':
../../ChibiOS/test/rt/test.c:422:1: warning: control reaches end of non-void function [-Wreturn-type]
 }
 ^
Compiling testmtx.c
Compiling testmsg.c
Compiling testmbox.c
Compiling testevt.c
Compiling testheap.c
Compiling testpools.c
Compiling testdyn.c
Compiling testqueues.c
Compiling testsys.c
Compiling testbmk.c
Compiling main.c
Linking build/ch.elf
Creating build/ch.hex
Creating build/ch.bin
Creating build/ch.dmp
Creating build/ch.list

   text	   data	    bss	    dec	    hex	filename
   8032	    344	  16360	  24736	   60a0	build/ch.elf

Done

11:40:21 Build Finished (took 3s.334ms)

