22:49:09 **** Incremental Build of configuration Default for project Test ****
make -j3 all 
Compiling main.c
In file included from main.c:19:0:
../../ChibiOS/test/rt/test.h:85:3: warning: function declaration isn't a prototype [-Wstrict-prototypes]
   float TestThread2(); //LM35 //void *p//int
   ^
Linking build/ch.elf
Creating build/ch.hex
Creating build/ch.dmp
Creating build/ch.bin
Creating build/ch.list

   text	   data	    bss	    dec	    hex	filename
   5912	    320	  16384	  22616	   5858	build/ch.elf

Done

22:49:10 Build Finished (took 845ms)

